---
source: crates/runtime/benches/bench.rs
expression: records_pretty
snapshot_kind: text
---
+--------------------------------------------+-----------+
| l_comment                                  | l_partkey |
+--------------------------------------------+-----------+
|  requests affix quickly. express pi        | 171488    |
| e carefully after the blithely pending dep | 48783     |
|  the slow accounts use fur                 | 79751     |
| e the furiously regular pack               | 14594     |
| ainst the slyly special deposits.          | 160092    |
| ar accounts detect. furiously ironic sa    | 41115     |
| detect around                              | 60095     |
| . quickly un                               | 11541     |
| sly final excuses cajole arou              | 78631     |
| ed instructions ha                         | 176997    |
+--------------------------------------------+-----------+
