---
source: crates/runtime/tests/databricks_spark_catalog/mod.rs
description: "Databricks Catalog (mode: spark_connect) Integration Test Results"
---
+-----------------+-----------------+-----------------+---------------------+------------------+------------------+-----------------+---------------------+------------------+------------------+-----------------+-------------------+--------------------+-----------------+-----------------+------------+-------------+-----------------+-------------+-------------------+---------------+----------------+---------------------+--------------------+-----------------------+-------------------+------------+---------------+------------------+-------------+---------------------+----------------------+--------------------------+---------------+
| cs_sold_date_sk | cs_sold_time_sk | cs_ship_date_sk | cs_bill_customer_sk | cs_bill_cdemo_sk | cs_bill_hdemo_sk | cs_bill_addr_sk | cs_ship_customer_sk | cs_ship_cdemo_sk | cs_ship_hdemo_sk | cs_ship_addr_sk | cs_call_center_sk | cs_catalog_page_sk | cs_ship_mode_sk | cs_warehouse_sk | cs_item_sk | cs_promo_sk | cs_order_number | cs_quantity | cs_wholesale_cost | cs_list_price | cs_sales_price | cs_ext_discount_amt | cs_ext_sales_price | cs_ext_wholesale_cost | cs_ext_list_price | cs_ext_tax | cs_coupon_amt | cs_ext_ship_cost | cs_net_paid | cs_net_paid_inc_tax | cs_net_paid_inc_ship | cs_net_paid_inc_ship_tax | cs_net_profit |
+-----------------+-----------------+-----------------+---------------------+------------------+------------------+-----------------+---------------------+------------------+------------------+-----------------+-------------------+--------------------+-----------------+-----------------+------------+-------------+-----------------+-------------+-------------------+---------------+----------------+---------------------+--------------------+-----------------------+-------------------+------------+---------------+------------------+-------------+---------------------+----------------------+--------------------------+---------------+
| 2451356         | 59903           | 2451400         | 30920               | 1292727          | 5287             | 16647           | 30920               | 1292727          | 5287             | 16647           | 2                 | 2557               | 6               | 1               | 12601      | 123         | 40826           | 67          | 9.68              | 14.13         | 1.97           | 814.72              | 131.99             | 648.56                | 946.71            | 2.63       | 0.0           | 56.28            | 131.99      | 134.62              | 188.27               | 190.9                    | -516.57       |
| 2451356         | 59903           | 2451432         | 30920               | 1292727          | 5287             | 16647           | 30920               | 1292727          | 5287             | 16647           | 2                 | 2050               | 13              | 2               | 15296      | 82          | 40826           | 10          | 98.87             | 115.67        | 89.06          | 266.1               | 890.6              | 988.7                 | 1156.7            | 80.15      | 0.0           | 69.4             | 890.6       | 970.75              | 960.0                | 1040.15                  | -98.1         |
| 2451356         | 59903           | 2451424         | 30920               | 1292727          | 5287             | 16647           | 30920               | 1292727          | 5287             | 16647           | 2                 | 2036               | 5               | 5               | 1753       | 145         | 40826           | 58          | 88.69             | 139.24        | 116.96         | 1292.24             | 6783.68            | 5144.02               | 8075.92           | 542.69     | 0.0           | 1372.86          | 6783.68     | 7326.37             | 8156.54              | 8699.23                  | 1639.66       |
| 2451356         | 59903           | 2451436         | 30920               | 1292727          | 5287             | 16647           | 30920               | 1292727          | 5287             | 16647           | 2                 | 1996               | 11              | 3               | 7370       | 280         | 40826           | 90          | 75.31             | 197.31        | 88.78          | 9767.7              | 7990.2             | 6777.9                | 17757.9           | 79.9       | 0.0           | 2485.8           | 7990.2      | 8070.1              | 10476.0              | 10555.9                  | 1212.3        |
| 2451356         | 59903           | 2451408         | 30920               | 1292727          | 5287             | 16647           | 30920               | 1292727          | 5287             | 16647           | 2                 | 2111               | 12              | 4               | 448        | 42          | 40826           | 90          | 45.2              | 69.15         | 51.86          | 1556.1              | 4667.4             | 4068.0                | 6223.5            | 93.34      | 0.0           | 1057.5           | 4667.4      | 4760.74             | 5724.9               | 5818.24                  | 599.4         |
| 2451356         | 59903           | 2451371         | 30920               | 1292727          | 5287             | 16647           | 30920               | 1292727          | 5287             | 16647           | 2                 | 2020               | 6               | 4               | 4123       | 140         | 40826           | 82          | 38.74             | 67.79         | 56.26          | 945.46              | 4613.32            | 3176.68               | 5558.78           | 184.53     | 0.0           | 166.46           | 4613.32     | 4797.85             | 4779.78              | 4964.31                  | 1436.64       |
| 2451356         | 59903           | 2451409         | 30920               | 1292727          | 5287             | 16647           | 30920               | 1292727          | 5287             | 16647           | 2                 | 2036               | 19              | 5               | 14696      | 166         | 40826           | 62          | 11.28             | 21.99         | 14.07          | 491.04              | 872.34             | 699.36                | 1363.38           | 0.0        | 0.0           | 408.58           | 872.34      | 872.34              | 1280.92              | 1280.92                  | 172.98        |
| 2451356         | 59903           | 2451409         | 30920               | 1292727          | 5287             | 16647           | 30920               | 1292727          | 5287             | 16647           | 2                 | 2001               | 9               | 5               | 5929       | 114         | 40826           | 45          | 25.35             | 69.2          | 62.97          | 280.35              | 2833.65            | 1140.75               | 3114.0            | 226.69     | 0.0           | 435.6            | 2833.65     | 3060.34             | 3269.25              | 3495.94                  | 1692.9        |
| 2451356         | 59903           | 2451436         | 30920               | 1292727          | 5287             | 16647           | 30920               | 1292727          | 5287             | 16647           | 2                 | 2144               | 12              | 4               | 3244       | 268         | 40826           | 34          | 47.77             | 91.71         | 44.02          | 1621.46             | 1496.68            | 1624.18               | 3118.14           | 59.86      | 0.0           | 1028.84          | 1496.68     | 1556.54             | 2525.52              | 2585.38                  | -127.5        |
| 2451356         | 59903           | 2451400         | 30920               | 1292727          | 5287             | 16647           | 30920               | 1292727          | 5287             | 16647           | 2                 | 2020               | 3               | 2               | 10249      | 68          | 40826           | 17          | 16.14             | 16.78         | 4.02           | 216.92              | 68.34              | 274.38                | 285.26            | 6.15       | 0.0           | 59.84            | 68.34       | 74.49               | 128.18               | 134.33                   | -206.04       |
+-----------------+-----------------+-----------------+---------------------+------------------+------------------+-----------------+---------------------+------------------+------------------+-----------------+-------------------+--------------------+-----------------+-----------------+------------+-------------+-----------------+-------------+-------------------+---------------+----------------+---------------------+--------------------+-----------------------+-------------------+------------+---------------+------------------+-------------+---------------------+----------------------+--------------------------+---------------+
