---
source: crates/runtime/tests/databricks_delta_catalog/mod.rs
description: "Databricks Catalog (mode: delta_lake) Integration Test Results"
---
+-----------------+-----------------+-----------------+---------------------+------------------+------------------+-----------------+---------------------+------------------+------------------+-----------------+-------------------+--------------------+-----------------+-----------------+------------+-------------+-----------------+-------------+-------------------+---------------+----------------+---------------------+--------------------+-----------------------+-------------------+------------+---------------+------------------+-------------+---------------------+----------------------+--------------------------+---------------+
| cs_sold_date_sk | cs_sold_time_sk | cs_ship_date_sk | cs_bill_customer_sk | cs_bill_cdemo_sk | cs_bill_hdemo_sk | cs_bill_addr_sk | cs_ship_customer_sk | cs_ship_cdemo_sk | cs_ship_hdemo_sk | cs_ship_addr_sk | cs_call_center_sk | cs_catalog_page_sk | cs_ship_mode_sk | cs_warehouse_sk | cs_item_sk | cs_promo_sk | cs_order_number | cs_quantity | cs_wholesale_cost | cs_list_price | cs_sales_price | cs_ext_discount_amt | cs_ext_sales_price | cs_ext_wholesale_cost | cs_ext_list_price | cs_ext_tax | cs_coupon_amt | cs_ext_ship_cost | cs_net_paid | cs_net_paid_inc_tax | cs_net_paid_inc_ship | cs_net_paid_inc_ship_tax | cs_net_profit |
+-----------------+-----------------+-----------------+---------------------+------------------+------------------+-----------------+---------------------+------------------+------------------+-----------------+-------------------+--------------------+-----------------+-----------------+------------+-------------+-----------------+-------------+-------------------+---------------+----------------+---------------------+--------------------+-----------------------+-------------------+------------+---------------+------------------+-------------+---------------------+----------------------+--------------------------+---------------+
| 2452242         | 62225           | 2452256         | 80515               | 1140603          | 2291             | 30379           | 80515               | 1140603          | 2291             | 30379           | 1                 | 6957               | 17              | 3               | 7765       | 23          | 121883          | 30          | 74.63             | 179.11        | 161.19         | 537.6               | 4835.7             | 2238.9                | 5373.3            | 145.07     | 0.0           | 2579.1           | 4835.7      | 4980.77             | 7414.8               | 7559.87                  | 2596.8        |
| 2452242         | 62225           | 2452304         | 80515               | 1140603          | 2291             | 30379           | 80515               | 1140603          | 2291             | 30379           | 1                 | 6005               | 18              | 3               | 3945       | 128         | 121883          | 84          | 72.38             | 135.35        | 63.61          | 6026.16             | 5343.24            | 6079.92               | 11369.4           | 106.86     | 0.0           | 2614.92          | 5343.24     | 5450.1              | 7958.16              | 8065.02                  | -736.68       |
| 2452242         | 51359           | 2452290         | 3656                | 1077049          | 1995             | 11788           | 3656                | 1077049          | 1995             | 11788           | 1                 | 5969               | 19              | 1               | 6071       | 288         | 121884          | 60          | 59.97             | 62.36         | 21.82          | 2432.4              | 1309.2             | 3598.2                | 3741.6            | 104.73     | 0.0           | 1833.0           | 1309.2      | 1413.93             | 3142.2               | 3246.93                  | -2289.0       |
| 2452242         | 51359           | 2452255         | 3656                | 1077049          | 1995             | 11788           | 3656                | 1077049          | 1995             | 11788           | 1                 | 5952               | 19              | 5               | 10817      | 142         | 121884          | 61          | 85.79             | 168.14        | 144.6          | 1435.94             | 8820.6             | 5233.19               | 10256.54          | 0.0        | 0.0           | 4717.74          | 8820.6      | 8820.6              | 13538.34             | 13538.34                 | 3587.41       |
| 2452242         | 51359           | 2452284         | 3656                | 1077049          | 1995             | 11788           | 3656                | 1077049          | 1995             | 11788           | 1                 | 6043               | 6               | 4               | 1163       | 194         | 121884          | 30          | 17.35             | 32.61         | 6.84           | 773.1               | 205.2              | 520.5                 | 978.3             | 0.0        | 75.92         | 19.5             | 129.28      | 129.28              | 148.78               | 148.78                   | -391.22       |
| 2452242         | 51359           | 2452285         | 3656                | 1077049          | 1995             | 11788           | 3656                | 1077049          | 1995             | 11788           | 1                 | 5982               | 1               | 4               | 13589      | 3           | 121884          | 2           | 93.76             | 123.76        | 23.51          | 200.5               | 47.02              | 187.52                | 247.52            | 2.35       | 0.0           | 34.64            | 47.02       | 49.37               | 81.66                | 84.01                    | -140.5        |
| 2452242         | 51359           | 2452256         | 3656                | 1077049          | 1995             | 11788           | 3656                | 1077049          | 1995             | 11788           | 1                 | 5961               | 16              | 1               | 16745      | 69          | 121884          | 58          | 64.11             | 135.27        | 2.7            | 7689.06             | 156.6              | 3718.38               | 7845.66           | 14.09      | 0.0           | 3294.98          | 156.6       | 170.69              | 3451.58              | 3465.67                  | -3561.78      |
| 2452242         | 26141           | 2452320         | 95598               | 706793           | 4388             | 26430           | 95598               | 706793           | 4388             | 26430           | 3                 | 5992               | 6               | 4               | 9225       | 257         | 121885          | 56          | 90.84             | 181.68        | 76.3           | 5901.28             | 4272.8             | 5087.04               | 10174.08          | 170.91     | 0.0           | 203.28           | 4272.8      | 4443.71             | 4476.08              | 4646.99                  | -814.24       |
| 2452242         | 26141           | 2452319         | 95598               | 706793           | 4388             | 26430           | 95598               | 706793           | 4388             | 26430           | 3                 | 6189               | 1               | 5               | 14743      | 195         | 121885          | 50          | 1.83              | 4.88          | 4.73           | 7.5                 | 236.5              | 91.5                  | 244.0             | 2.36       | 0.0           | 63.0             | 236.5       | 238.86              | 299.5                | 301.86                   | 145.0         |
| 2452242         | 26141           | 2452248         | 95598               | 706793           | 4388             | 26430           | 95598               | 706793           | 4388             | 26430           | 3                 | 5968               | 8               | 4               | 12467      | 215         | 121885          | 20          | 69.25             | 153.73        | 115.29         | 768.8               | 2305.8             | 1385.0                | 3074.6            | 69.17      | 0.0           | 1414.2           | 2305.8      | 2374.97             | 3720.0               | 3789.17                  | 920.8         |
+-----------------+-----------------+-----------------+---------------------+------------------+------------------+-----------------+---------------------+------------------+------------------+-----------------+-------------------+--------------------+-----------------+-----------------+------------+-------------+-----------------+-------------+-------------------+---------------+----------------+---------------------+--------------------+-----------------------+-------------------+------------+---------------+------------------+-------------+---------------------+----------------------+--------------------------+---------------+
